[    9034ms] [WARNING] Swiper Loop Warning: The number of slides is not enough for loop mode, it will be disabled or not function properly. You need to add more slides (or make duplicates) or lower the values of slidesPerView and slidesPerGroup parameters @ https://cdn.jsdelivr.net/npm/swiper@11/swiper-bundle.min.js:12
[    9035ms] [WARNING] Swiper Loop Warning: The number of slides is not enough for loop mode, it will be disabled or not function properly. You need to add more slides (or make duplicates) or lower the values of slidesPerView and slidesPerGroup parameters @ https://cdn.jsdelivr.net/npm/swiper@11/swiper-bundle.min.js:12
[    9424ms] TypeError: lenis.update is not a function
    at https://www.dotthei.studio/project/sem-restaurant:455:63
    at https://cdn.prod.website-files.com/gsap/3.15.0/ScrollTrigger.min.js:10:17808
    at Array.map (<anonymous>)
    at _dispatch (https://cdn.prod.website-files.com/gsap/3.15.0/ScrollTrigger.min.js:10:17785)
    at _refreshAll (https://cdn.prod.website-files.com/gsap/3.15.0/ScrollTrigger.min.js:10:18869)
    at ne.refresh (https://cdn.prod.website-files.com/gsap/3.15.0/ScrollTrigger.min.js:10:38341)
    at https://www.dotthei.studio/project/sem-restaurant:488:21
[   12039ms] [WARNING] Swiper Loop Warning: The number of slides is not enough for loop mode, it will be disabled or not function properly. You need to add more slides (or make duplicates) or lower the values of slidesPerView and slidesPerGroup parameters @ https://cdn.jsdelivr.net/npm/swiper@11/swiper-bundle.min.js:12
[   16023ms] [WARNING] Swiper Loop Warning: The number of slides is not enough for loop mode, it will be disabled or not function properly. You need to add more slides (or make duplicates) or lower the values of slidesPerView and slidesPerGroup parameters @ https://cdn.jsdelivr.net/npm/swiper@11/swiper-bundle.min.js:12
[   17022ms] TypeError: lenis.update is not a function
    at https://www.dotthei.studio/project/sem-restaurant:455:63
    at https://cdn.prod.website-files.com/gsap/3.15.0/ScrollTrigger.min.js:10:17808
    at Array.map (<anonymous>)
    at _dispatch (https://cdn.prod.website-files.com/gsap/3.15.0/ScrollTrigger.min.js:10:17785)
    at _refreshAll (https://cdn.prod.website-files.com/gsap/3.15.0/ScrollTrigger.min.js:10:18869)
    at https://cdn.prod.website-files.com/gsap/3.15.0/ScrollTrigger.min.js:10:35192
    at https://cdn.prod.website-files.com/gsap/3.15.0/gsap.min.js:10:45267
    at Array.map (<anonymous>)
    at Gc (https://cdn.prod.website-files.com/gsap/3.15.0/gsap.min.js:10:45244)
    at MediaQueryList.Hc (https://cdn.prod.website-files.com/gsap/3.15.0/gsap.min.js:10:45610)
[   19023ms] [WARNING] Swiper Loop Warning: The number of slides is not enough for loop mode, it will be disabled or not function properly. You need to add more slides (or make duplicates) or lower the values of slidesPerView and slidesPerGroup parameters @ https://cdn.jsdelivr.net/npm/swiper@11/swiper-bundle.min.js:12
[   20023ms] [WARNING] Swiper Loop Warning: The number of slides is not enough for loop mode, it will be disabled or not function properly. You need to add more slides (or make duplicates) or lower the values of slidesPerView and slidesPerGroup parameters @ https://cdn.jsdelivr.net/npm/swiper@11/swiper-bundle.min.js:12
[   21235ms] [WARNING] [GTM4WP] Google Tag Manager container code placement set to OFF !!! @ https://khufusbistro.com/:165
[   21235ms] [WARNING] [GTM4WP] Data layer codes are active but GTM container must be loaded using custom coding !!! @ https://khufusbistro.com/:166
[   21370ms] [ERROR] Access to font at 'https://khufus.com/wp-content/uploads/2026/02/GoldenHopes.woff2' from origin 'https://khufusbistro.com' has been blocked by CORS policy: No 'Access-Control-Allow-Origin' header is present on the requested resource. @ https://khufusbistro.com/:0
[   21371ms] [ERROR] Failed to load resource: net::ERR_FAILED @ https://khufus.com/wp-content/uploads/2026/02/GoldenHopes.woff2:0
[   21458ms] [LOG] JQMIGRATE: Migrate is installed, version 3.4.1 @ https://khufusbistro.com/wp-includes/js/jquery/jquery-migrate.min.js?ver=3.4.1:1
[   52316ms] [LOG] JQMIGRATE: Migrate is installed, version 3.4.1 @ https://monarqeg.com/wp-includes/js/jquery/jquery-migrate.min.js?ver=3.4.1:1
[  348479ms] [ERROR] Failed to load resource: the server responded with a status of 404 (Not Found) @ http://localhost:5173/favicon.ico:0
