[     419ms] [LOG] %c%s color: red; background: yellow; font-size: 24px; AVISO! @ https://www.gstatic.com/_/mss/boq-identity/_/js/k=boq-identity.ConsentUi.pt_PT.8060FOek53g.2018.O/am=AQAAAAAyAQ/d=1/excm=_b,_tp,mainview/ed=1/dg=0/wt=2/ujg=1/rs=AOaEmlFo3IvvnpkgqiWKi9QKAmsfaCJ69g/dti=1/m=_b,_tp:288
[     419ms] [LOG] %c%s font-size: 18px; Usar esta consola poderá permitir que os atacantes lhe roubem a identidade, bem como outras informações, através de um ataque designado Self-XSS.
Não introduza nem cole código que não compreende. @ https://www.gstatic.com/_/mss/boq-identity/_/js/k=boq-identity.ConsentUi.pt_PT.8060FOek53g.2018.O/am=AQAAAAAyAQ/d=1/excm=_b,_tp,mainview/ed=1/dg=0/wt=2/ujg=1/rs=AOaEmlFo3IvvnpkgqiWKi9QKAmsfaCJ69g/dti=1/m=_b,_tp:288
[    5977ms] [WARNING] The powerPreference option is currently ignored when calling requestAdapter() on Windows. See https://crbug.com/369219127 @ :0
[  925908ms] [ERROR] Failed to load resource: the server responded with a status of 404 (Not Found) @ http://localhost:5173/favicon.ico:0
[ 1971684ms] [WARNING] Error with Permissions-Policy header: Unrecognized feature: 'attribution-reporting'. @ :0
[ 1971684ms] [WARNING] Error with Permissions-Policy header: Unrecognized feature: 'shared-storage'. @ :0
[ 1971684ms] [WARNING] Error with Permissions-Policy header: Unrecognized feature: 'shared-storage-select-url'. @ :0
[ 1972594ms] [INFO] Banner not shown: beforeinstallpromptevent.preventDefault() called. The page must call beforeinstallpromptevent.prompt() to show the banner. @ https://www.instagram.com/altto.lisboa/:0
[ 1972595ms] [LOG] 
%cStop! font-family:helvetica; font-size:20px; font-size:50px; font-weight:bold; color:red; -webkit-text-stroke:1px black; @ https://static.cdninstagram.com/rsrc.php/v4iQjY4/yc/l/en_US/H1g2o-DfYs6MIb4mNI_xX04ZNVFxw0vLR2LHt94RTJFzeMeFkNKS6eINvQDRPc1XxNfhIokg34U198fDzeqyykzGHHnVlEmrxXd21-QhQPfWzc.js:118
[ 1972596ms] [LOG] 
%cThis is a browser feature intended for developers. If someone told you to copy-paste something here to enable an Instagram feature or "hack" someone's account, it is a scam and will give them access to your Instagram account. font-family:helvetica; font-size:20px;  @ https://static.cdninstagram.com/rsrc.php/v4iQjY4/yc/l/en_US/H1g2o-DfYs6MIb4mNI_xX04ZNVFxw0vLR2LHt94RTJFzeMeFkNKS6eINvQDRPc1XxNfhIokg34U198fDzeqyykzGHHnVlEmrxXd21-QhQPfWzc.js:118
[ 1972596ms] [LOG] 
%cSee https://www.facebook.com/selfxss for more information. font-family:helvetica; font-size:20px;  @ https://static.cdninstagram.com/rsrc.php/v4iQjY4/yc/l/en_US/H1g2o-DfYs6MIb4mNI_xX04ZNVFxw0vLR2LHt94RTJFzeMeFkNKS6eINvQDRPc1XxNfhIokg34U198fDzeqyykzGHHnVlEmrxXd21-QhQPfWzc.js:118
[ 1972596ms] [LOG] 
%c  @ https://static.cdninstagram.com/rsrc.php/v4iQjY4/yc/l/en_US/H1g2o-DfYs6MIb4mNI_xX04ZNVFxw0vLR2LHt94RTJFzeMeFkNKS6eINvQDRPc1XxNfhIokg34U198fDzeqyykzGHHnVlEmrxXd21-QhQPfWzc.js:118
[ 2053933ms] [WARNING] Error with Permissions-Policy header: Unrecognized feature: 'attribution-reporting'. @ :0
[ 2053933ms] [WARNING] Error with Permissions-Policy header: Unrecognized feature: 'shared-storage'. @ :0
[ 2053933ms] [WARNING] Error with Permissions-Policy header: Unrecognized feature: 'shared-storage-select-url'. @ :0
[ 2054577ms] [LOG] 
%cStop! font-family:helvetica; font-size:20px; font-size:50px; font-weight:bold; color:red; -webkit-text-stroke:1px black; @ https://static.cdninstagram.com/rsrc.php/v4ie_24/yo/l/en_US/ht1SZbmxlWzH1g2o-DfYs6MIb4mNI_xX04ZNVFxw0vLRNvQDRPc1XxN8fDzeqyykzGacpd_cDmdTYtGGEC9qUepTSp3Nxi8X7G4rrCxjEFdRGjiFGHh9ozlMIVdHbLPUnYYa4Rh500SkxUjhu3cCjs48aYO2ORwdN73J7yAEnPPsiP69KGwDgR89SoUphhshD5-sc1x6Fvss_EVcXCrdY4H4Fdr_VrStGyFfjvDC_OJ3ZA4zE_vJdHXKoX2X7yxdkJx4O5NrLsGwU34S1P_pKzMGU-W7GsQSBkh6FlD-wTMMsiJC02ez.js:271
[ 2054577ms] [LOG] 
%cThis is a browser feature intended for developers. If someone told you to copy-paste something here to enable an Instagram feature or "hack" someone's account, it is a scam and will give them access to your Instagram account. font-family:helvetica; font-size:20px;  @ https://static.cdninstagram.com/rsrc.php/v4ie_24/yo/l/en_US/ht1SZbmxlWzH1g2o-DfYs6MIb4mNI_xX04ZNVFxw0vLRNvQDRPc1XxN8fDzeqyykzGacpd_cDmdTYtGGEC9qUepTSp3Nxi8X7G4rrCxjEFdRGjiFGHh9ozlMIVdHbLPUnYYa4Rh500SkxUjhu3cCjs48aYO2ORwdN73J7yAEnPPsiP69KGwDgR89SoUphhshD5-sc1x6Fvss_EVcXCrdY4H4Fdr_VrStGyFfjvDC_OJ3ZA4zE_vJdHXKoX2X7yxdkJx4O5NrLsGwU34S1P_pKzMGU-W7GsQSBkh6FlD-wTMMsiJC02ez.js:271
[ 2054577ms] [LOG] 
%cSee https://www.facebook.com/selfxss for more information. font-family:helvetica; font-size:20px;  @ https://static.cdninstagram.com/rsrc.php/v4ie_24/yo/l/en_US/ht1SZbmxlWzH1g2o-DfYs6MIb4mNI_xX04ZNVFxw0vLRNvQDRPc1XxN8fDzeqyykzGacpd_cDmdTYtGGEC9qUepTSp3Nxi8X7G4rrCxjEFdRGjiFGHh9ozlMIVdHbLPUnYYa4Rh500SkxUjhu3cCjs48aYO2ORwdN73J7yAEnPPsiP69KGwDgR89SoUphhshD5-sc1x6Fvss_EVcXCrdY4H4Fdr_VrStGyFfjvDC_OJ3ZA4zE_vJdHXKoX2X7yxdkJx4O5NrLsGwU34S1P_pKzMGU-W7GsQSBkh6FlD-wTMMsiJC02ez.js:271
[ 2054577ms] [LOG] 
%c  @ https://static.cdninstagram.com/rsrc.php/v4ie_24/yo/l/en_US/ht1SZbmxlWzH1g2o-DfYs6MIb4mNI_xX04ZNVFxw0vLRNvQDRPc1XxN8fDzeqyykzGacpd_cDmdTYtGGEC9qUepTSp3Nxi8X7G4rrCxjEFdRGjiFGHh9ozlMIVdHbLPUnYYa4Rh500SkxUjhu3cCjs48aYO2ORwdN73J7yAEnPPsiP69KGwDgR89SoUphhshD5-sc1x6Fvss_EVcXCrdY4H4Fdr_VrStGyFfjvDC_OJ3ZA4zE_vJdHXKoX2X7yxdkJx4O5NrLsGwU34S1P_pKzMGU-W7GsQSBkh6FlD-wTMMsiJC02ez.js:271
[ 2054587ms] [INFO] Banner not shown: beforeinstallpromptevent.preventDefault() called. The page must call beforeinstallpromptevent.prompt() to show the banner. @ https://www.instagram.com/altto.lisboa/p/DZm4LEMAO4A/:0
[ 2073653ms] [WARNING] Error with Permissions-Policy header: Unrecognized feature: 'attribution-reporting'. @ :0
[ 2073653ms] [WARNING] Error with Permissions-Policy header: Unrecognized feature: 'shared-storage'. @ :0
[ 2073653ms] [WARNING] Error with Permissions-Policy header: Unrecognized feature: 'shared-storage-select-url'. @ :0
[ 2074132ms] [INFO] Banner not shown: beforeinstallpromptevent.preventDefault() called. The page must call beforeinstallpromptevent.prompt() to show the banner. @ https://www.instagram.com/altto.lisboa/:0
[ 2074188ms] [LOG] 
%cStop! font-family:helvetica; font-size:20px; font-size:50px; font-weight:bold; color:red; -webkit-text-stroke:1px black; @ https://static.cdninstagram.com/rsrc.php/v4iQjY4/yc/l/en_US/H1g2o-DfYs6MIb4mNI_xX04ZNVFxw0vLR2LHt94RTJFzeMeFkNKS6eINvQDRPc1XxNfhIokg34U198fDzeqyykzGHHnVlEmrxXd21-QhQPfWzc.js:118
[ 2074189ms] [LOG] 
%cThis is a browser feature intended for developers. If someone told you to copy-paste something here to enable an Instagram feature or "hack" someone's account, it is a scam and will give them access to your Instagram account. font-family:helvetica; font-size:20px;  @ https://static.cdninstagram.com/rsrc.php/v4iQjY4/yc/l/en_US/H1g2o-DfYs6MIb4mNI_xX04ZNVFxw0vLR2LHt94RTJFzeMeFkNKS6eINvQDRPc1XxNfhIokg34U198fDzeqyykzGHHnVlEmrxXd21-QhQPfWzc.js:118
[ 2074189ms] [LOG] 
%cSee https://www.facebook.com/selfxss for more information. font-family:helvetica; font-size:20px;  @ https://static.cdninstagram.com/rsrc.php/v4iQjY4/yc/l/en_US/H1g2o-DfYs6MIb4mNI_xX04ZNVFxw0vLR2LHt94RTJFzeMeFkNKS6eINvQDRPc1XxNfhIokg34U198fDzeqyykzGHHnVlEmrxXd21-QhQPfWzc.js:118
[ 2074189ms] [LOG] 
%c  @ https://static.cdninstagram.com/rsrc.php/v4iQjY4/yc/l/en_US/H1g2o-DfYs6MIb4mNI_xX04ZNVFxw0vLR2LHt94RTJFzeMeFkNKS6eINvQDRPc1XxNfhIokg34U198fDzeqyykzGHHnVlEmrxXd21-QhQPfWzc.js:118
